Archive member included to satisfy reference by file (symbol)

/usr/lib/gcc/avr/14.2.0/avr5/libgcc.a(_udivmodqi4.o)
                              rtc.o (__udivmodqi4)
/usr/lib/gcc/avr/14.2.0/avr5/libgcc.a(_divmodhi4.o)
                              lcd_i2c.o (__divmodhi4)
/usr/lib/gcc/avr/14.2.0/avr5/libgcc.a(_exit.o)
                              /usr/lib/gcc/avr/14.2.0/../../../../avr/lib/avr5/crtatmega328p.o (exit)
/usr/lib/gcc/avr/14.2.0/avr5/libgcc.a(_copy_data.o)
                              lcd_i2c.o (__do_copy_data)
/usr/lib/gcc/avr/14.2.0/avr5/libgcc.a(_udivmodhi4.o)
                              /usr/lib/gcc/avr/14.2.0/avr5/libgcc.a(_divmodhi4.o) (__udivmodhi4)
/usr/lib/gcc/avr/14.2.0/../../../../avr/lib/avr5/libc.a(vsnprintf.o)
                              lcd_i2c.o (vsnprintf)
/usr/lib/gcc/avr/14.2.0/../../../../avr/lib/avr5/libc.a(vfprintf_std.o)
                              /usr/lib/gcc/avr/14.2.0/../../../../avr/lib/avr5/libc.a(vsnprintf.o) (vfprintf)
/usr/lib/gcc/avr/14.2.0/../../../../avr/lib/avr5/libc.a(strnlen_P.o)
                              /usr/lib/gcc/avr/14.2.0/../../../../avr/lib/avr5/libc.a(vfprintf_std.o) (strnlen_P)
/usr/lib/gcc/avr/14.2.0/../../../../avr/lib/avr5/libc.a(strnlen.o)
                              /usr/lib/gcc/avr/14.2.0/../../../../avr/lib/avr5/libc.a(vfprintf_std.o) (strnlen)
/usr/lib/gcc/avr/14.2.0/../../../../avr/lib/avr5/libc.a(fputc.o)
                              /usr/lib/gcc/avr/14.2.0/../../../../avr/lib/avr5/libc.a(vfprintf_std.o) (fputc)
/usr/lib/gcc/avr/14.2.0/../../../../avr/lib/avr5/libc.a(ultoa_invert.o)
                              /usr/lib/gcc/avr/14.2.0/../../../../avr/lib/avr5/libc.a(vfprintf_std.o) (__ultoa_invert)
/usr/lib/gcc/avr/14.2.0/avr5/libgcc.a(_prologue.o)
                              /usr/lib/gcc/avr/14.2.0/../../../../avr/lib/avr5/libc.a(vsnprintf.o) (__prologue_saves__)
/usr/lib/gcc/avr/14.2.0/avr5/libgcc.a(_epilogue.o)
                              /usr/lib/gcc/avr/14.2.0/../../../../avr/lib/avr5/libc.a(vsnprintf.o) (__epilogue_restores__)

Discarded input sections

 .data          0x00000000        0x0 /usr/lib/gcc/avr/14.2.0/../../../../avr/lib/avr5/crtatmega328p.o
 .bss           0x00000000        0x0 /usr/lib/gcc/avr/14.2.0/../../../../avr/lib/avr5/crtatmega328p.o
 .text          0x00000000        0x0 i2c.o
 .data          0x00000000        0x0 i2c.o
 .bss           0x00000000        0x0 i2c.o
 .text.read_i2c
                0x00000000       0x14 i2c.o
 .text          0x00000000        0x0 lcd_i2c.o
 .data          0x00000000        0x0 lcd_i2c.o
 .bss           0x00000000        0x0 lcd_i2c.o
 .text.lcd_i2c_write_int
                0x00000000       0xa0 lcd_i2c.o
 .text          0x00000000        0x0 main.o
 .data          0x00000000        0x0 main.o
 .bss           0x00000000        0x0 main.o
 .text          0x00000000        0x0 rtc.o
 .data          0x00000000        0x0 rtc.o
 .bss           0x00000000        0x0 rtc.o
 .text          0x00000000        0x0 /usr/lib/gcc/avr/14.2.0/avr5/libgcc.a(_udivmodqi4.o)
 .data          0x00000000        0x0 /usr/lib/gcc/avr/14.2.0/avr5/libgcc.a(_udivmodqi4.o)
 .bss           0x00000000        0x0 /usr/lib/gcc/avr/14.2.0/avr5/libgcc.a(_udivmodqi4.o)
 .text.libgcc.mul
                0x00000000        0x0 /usr/lib/gcc/avr/14.2.0/avr5/libgcc.a(_udivmodqi4.o)
 .text.libgcc   0x00000000        0x0 /usr/lib/gcc/avr/14.2.0/avr5/libgcc.a(_udivmodqi4.o)
 .text.libgcc.prologue
                0x00000000        0x0 /usr/lib/gcc/avr/14.2.0/avr5/libgcc.a(_udivmodqi4.o)
 .text.libgcc.builtins
                0x00000000        0x0 /usr/lib/gcc/avr/14.2.0/avr5/libgcc.a(_udivmodqi4.o)
 .text.libgcc.fmul
                0x00000000        0x0 /usr/lib/gcc/avr/14.2.0/avr5/libgcc.a(_udivmodqi4.o)
 .text.libgcc.fixed
                0x00000000        0x0 /usr/lib/gcc/avr/14.2.0/avr5/libgcc.a(_udivmodqi4.o)
 .text          0x00000000        0x0 /usr/lib/gcc/avr/14.2.0/avr5/libgcc.a(_divmodhi4.o)
 .data          0x00000000        0x0 /usr/lib/gcc/avr/14.2.0/avr5/libgcc.a(_divmodhi4.o)
 .bss           0x00000000        0x0 /usr/lib/gcc/avr/14.2.0/avr5/libgcc.a(_divmodhi4.o)
 .text.libgcc.mul
                0x00000000        0x0 /usr/lib/gcc/avr/14.2.0/avr5/libgcc.a(_divmodhi4.o)
 .text.libgcc.div
                0x00000000       0x28 /usr/lib/gcc/avr/14.2.0/avr5/libgcc.a(_divmodhi4.o)
 .text.libgcc   0x00000000        0x0 /usr/lib/gcc/avr/14.2.0/avr5/libgcc.a(_divmodhi4.o)
 .text.libgcc.prologue
                0x00000000        0x0 /usr/lib/gcc/avr/14.2.0/avr5/libgcc.a(_divmodhi4.o)
 .text.libgcc.builtins
                0x00000000        0x0 /usr/lib/gcc/avr/14.2.0/avr5/libgcc.a(_divmodhi4.o)
 .text.libgcc.fmul
                0x00000000        0x0 /usr/lib/gcc/avr/14.2.0/avr5/libgcc.a(_divmodhi4.o)
 .text.libgcc.fixed
                0x00000000        0x0 /usr/lib/gcc/avr/14.2.0/avr5/libgcc.a(_divmodhi4.o)
 .debug_line    0x00000000       0xb7 /usr/lib/gcc/avr/14.2.0/avr5/libgcc.a(_divmodhi4.o)
 .debug_line_str
                0x00000000       0x72 /usr/lib/gcc/avr/14.2.0/avr5/libgcc.a(_divmodhi4.o)
 .debug_info    0x00000000       0x24 /usr/lib/gcc/avr/14.2.0/avr5/libgcc.a(_divmodhi4.o)
 .debug_abbrev  0x00000000       0x14 /usr/lib/gcc/avr/14.2.0/avr5/libgcc.a(_divmodhi4.o)
 .debug_aranges
                0x00000000       0x20 /usr/lib/gcc/avr/14.2.0/avr5/libgcc.a(_divmodhi4.o)
 .debug_str     0x00000000       0x7e /usr/lib/gcc/avr/14.2.0/avr5/libgcc.a(_divmodhi4.o)
 .text          0x00000000        0x0 /usr/lib/gcc/avr/14.2.0/avr5/libgcc.a(_exit.o)
 .data          0x00000000        0x0 /usr/lib/gcc/avr/14.2.0/avr5/libgcc.a(_exit.o)
 .bss           0x00000000        0x0 /usr/lib/gcc/avr/14.2.0/avr5/libgcc.a(_exit.o)
 .text.libgcc.mul
                0x00000000        0x0 /usr/lib/gcc/avr/14.2.0/avr5/libgcc.a(_exit.o)
 .text.libgcc.div
                0x00000000        0x0 /usr/lib/gcc/avr/14.2.0/avr5/libgcc.a(_exit.o)
 .text.libgcc   0x00000000        0x0 /usr/lib/gcc/avr/14.2.0/avr5/libgcc.a(_exit.o)
 .text.libgcc.prologue
                0x00000000        0x0 /usr/lib/gcc/avr/14.2.0/avr5/libgcc.a(_exit.o)
 .text.libgcc.builtins
                0x00000000        0x0 /usr/lib/gcc/avr/14.2.0/avr5/libgcc.a(_exit.o)
 .text.libgcc.fmul
                0x00000000        0x0 /usr/lib/gcc/avr/14.2.0/avr5/libgcc.a(_exit.o)
 .text.libgcc.fixed
                0x00000000        0x0 /usr/lib/gcc/avr/14.2.0/avr5/libgcc.a(_exit.o)
 .text          0x00000000        0x0 /usr/lib/gcc/avr/14.2.0/avr5/libgcc.a(_copy_data.o)
 .data          0x00000000        0x0 /usr/lib/gcc/avr/14.2.0/avr5/libgcc.a(_copy_data.o)
 .bss           0x00000000        0x0 /usr/lib/gcc/avr/14.2.0/avr5/libgcc.a(_copy_data.o)
 .text.libgcc.mul
                0x00000000        0x0 /usr/lib/gcc/avr/14.2.0/avr5/libgcc.a(_copy_data.o)
 .text.libgcc.div
                0x00000000        0x0 /usr/lib/gcc/avr/14.2.0/avr5/libgcc.a(_copy_data.o)
 .text.libgcc   0x00000000        0x0 /usr/lib/gcc/avr/14.2.0/avr5/libgcc.a(_copy_data.o)
 .text.libgcc.prologue
                0x00000000        0x0 /usr/lib/gcc/avr/14.2.0/avr5/libgcc.a(_copy_data.o)
 .text.libgcc.builtins
                0x00000000        0x0 /usr/lib/gcc/avr/14.2.0/avr5/libgcc.a(_copy_data.o)
 .text.libgcc.fmul
                0x00000000        0x0 /usr/lib/gcc/avr/14.2.0/avr5/libgcc.a(_copy_data.o)
 .text.libgcc.fixed
                0x00000000        0x0 /usr/lib/gcc/avr/14.2.0/avr5/libgcc.a(_copy_data.o)
 .text          0x00000000        0x0 /usr/lib/gcc/avr/14.2.0/avr5/libgcc.a(_udivmodhi4.o)
 .data          0x00000000        0x0 /usr/lib/gcc/avr/14.2.0/avr5/libgcc.a(_udivmodhi4.o)
 .bss           0x00000000        0x0 /usr/lib/gcc/avr/14.2.0/avr5/libgcc.a(_udivmodhi4.o)
 .text.libgcc.mul
                0x00000000        0x0 /usr/lib/gcc/avr/14.2.0/avr5/libgcc.a(_udivmodhi4.o)
 .text.libgcc.div
                0x00000000       0x28 /usr/lib/gcc/avr/14.2.0/avr5/libgcc.a(_udivmodhi4.o)
 .text.libgcc   0x00000000        0x0 /usr/lib/gcc/avr/14.2.0/avr5/libgcc.a(_udivmodhi4.o)
 .text.libgcc.prologue
                0x00000000        0x0 /usr/lib/gcc/avr/14.2.0/avr5/libgcc.a(_udivmodhi4.o)
 .text.libgcc.builtins
                0x00000000        0x0 /usr/lib/gcc/avr/14.2.0/avr5/libgcc.a(_udivmodhi4.o)
 .text.libgcc.fmul
                0x00000000        0x0 /usr/lib/gcc/avr/14.2.0/avr5/libgcc.a(_udivmodhi4.o)
 .text.libgcc.fixed
                0x00000000        0x0 /usr/lib/gcc/avr/14.2.0/avr5/libgcc.a(_udivmodhi4.o)
 .debug_line    0x00000000       0xbd /usr/lib/gcc/avr/14.2.0/avr5/libgcc.a(_udivmodhi4.o)
 .debug_line_str
                0x00000000       0x72 /usr/lib/gcc/avr/14.2.0/avr5/libgcc.a(_udivmodhi4.o)
 .debug_info    0x00000000       0x24 /usr/lib/gcc/avr/14.2.0/avr5/libgcc.a(_udivmodhi4.o)
 .debug_abbrev  0x00000000       0x14 /usr/lib/gcc/avr/14.2.0/avr5/libgcc.a(_udivmodhi4.o)
 .debug_aranges
                0x00000000       0x20 /usr/lib/gcc/avr/14.2.0/avr5/libgcc.a(_udivmodhi4.o)
 .debug_str     0x00000000       0x7e /usr/lib/gcc/avr/14.2.0/avr5/libgcc.a(_udivmodhi4.o)
 .text          0x00000000        0x0 /usr/lib/gcc/avr/14.2.0/../../../../avr/lib/avr5/libc.a(vsnprintf.o)
 .data          0x00000000        0x0 /usr/lib/gcc/avr/14.2.0/../../../../avr/lib/avr5/libc.a(vsnprintf.o)
 .bss           0x00000000        0x0 /usr/lib/gcc/avr/14.2.0/../../../../avr/lib/avr5/libc.a(vsnprintf.o)
 .text          0x00000000        0x0 /usr/lib/gcc/avr/14.2.0/../../../../avr/lib/avr5/libc.a(vfprintf_std.o)
 .data          0x00000000        0x0 /usr/lib/gcc/avr/14.2.0/../../../../avr/lib/avr5/libc.a(vfprintf_std.o)
 .bss           0x00000000        0x0 /usr/lib/gcc/avr/14.2.0/../../../../avr/lib/avr5/libc.a(vfprintf_std.o)
 .text          0x00000000        0x0 /usr/lib/gcc/avr/14.2.0/../../../../avr/lib/avr5/libc.a(strnlen_P.o)
 .data          0x00000000        0x0 /usr/lib/gcc/avr/14.2.0/../../../../avr/lib/avr5/libc.a(strnlen_P.o)
 .bss           0x00000000        0x0 /usr/lib/gcc/avr/14.2.0/../../../../avr/lib/avr5/libc.a(strnlen_P.o)
 .text          0x00000000        0x0 /usr/lib/gcc/avr/14.2.0/../../../../avr/lib/avr5/libc.a(strnlen.o)
 .data          0x00000000        0x0 /usr/lib/gcc/avr/14.2.0/../../../../avr/lib/avr5/libc.a(strnlen.o)
 .bss           0x00000000        0x0 /usr/lib/gcc/avr/14.2.0/../../../../avr/lib/avr5/libc.a(strnlen.o)
 .text          0x00000000        0x0 /usr/lib/gcc/avr/14.2.0/../../../../avr/lib/avr5/libc.a(fputc.o)
 .data          0x00000000        0x0 /usr/lib/gcc/avr/14.2.0/../../../../avr/lib/avr5/libc.a(fputc.o)
 .bss           0x00000000        0x0 /usr/lib/gcc/avr/14.2.0/../../../../avr/lib/avr5/libc.a(fputc.o)
 .text          0x00000000        0x0 /usr/lib/gcc/avr/14.2.0/../../../../avr/lib/avr5/libc.a(ultoa_invert.o)
 .data          0x00000000        0x0 /usr/lib/gcc/avr/14.2.0/../../../../avr/lib/avr5/libc.a(ultoa_invert.o)
 .bss           0x00000000        0x0 /usr/lib/gcc/avr/14.2.0/../../../../avr/lib/avr5/libc.a(ultoa_invert.o)
 .text          0x00000000        0x0 /usr/lib/gcc/avr/14.2.0/avr5/libgcc.a(_prologue.o)
 .data          0x00000000        0x0 /usr/lib/gcc/avr/14.2.0/avr5/libgcc.a(_prologue.o)
 .bss           0x00000000        0x0 /usr/lib/gcc/avr/14.2.0/avr5/libgcc.a(_prologue.o)
 .text.libgcc.mul
                0x00000000        0x0 /usr/lib/gcc/avr/14.2.0/avr5/libgcc.a(_prologue.o)
 .text.libgcc.div
                0x00000000        0x0 /usr/lib/gcc/avr/14.2.0/avr5/libgcc.a(_prologue.o)
 .text.libgcc   0x00000000        0x0 /usr/lib/gcc/avr/14.2.0/avr5/libgcc.a(_prologue.o)
 .text.libgcc.builtins
                0x00000000        0x0 /usr/lib/gcc/avr/14.2.0/avr5/libgcc.a(_prologue.o)
 .text.libgcc.fmul
                0x00000000        0x0 /usr/lib/gcc/avr/14.2.0/avr5/libgcc.a(_prologue.o)
 .text.libgcc.fixed
                0x00000000        0x0 /usr/lib/gcc/avr/14.2.0/avr5/libgcc.a(_prologue.o)
 .text          0x00000000        0x0 /usr/lib/gcc/avr/14.2.0/avr5/libgcc.a(_epilogue.o)
 .data          0x00000000        0x0 /usr/lib/gcc/avr/14.2.0/avr5/libgcc.a(_epilogue.o)
 .bss           0x00000000        0x0 /usr/lib/gcc/avr/14.2.0/avr5/libgcc.a(_epilogue.o)
 .text.libgcc.mul
                0x00000000        0x0 /usr/lib/gcc/avr/14.2.0/avr5/libgcc.a(_epilogue.o)
 .text.libgcc.div
                0x00000000        0x0 /usr/lib/gcc/avr/14.2.0/avr5/libgcc.a(_epilogue.o)
 .text.libgcc   0x00000000        0x0 /usr/lib/gcc/avr/14.2.0/avr5/libgcc.a(_epilogue.o)
 .text.libgcc.builtins
                0x00000000        0x0 /usr/lib/gcc/avr/14.2.0/avr5/libgcc.a(_epilogue.o)
 .text.libgcc.fmul
                0x00000000        0x0 /usr/lib/gcc/avr/14.2.0/avr5/libgcc.a(_epilogue.o)
 .text.libgcc.fixed
                0x00000000        0x0 /usr/lib/gcc/avr/14.2.0/avr5/libgcc.a(_epilogue.o)

Memory Configuration

Name             Origin             Length             Attributes
text             0x00000000         0x00008000         xr
data             0x00800100         0x00000800         rw!x
eeprom           0x00810000         0x00000400         rw!x
fuse             0x00820000         0x00000003         rw!x
lock             0x00830000         0x00000400         rw!x
signature        0x00840000         0x00000400         rw!x
user_signatures  0x00850000         0x00000400         rw!x
*default*        0x00000000         0xffffffff

Linker script and memory map

Address of section .data set to 0x800100
LOAD /usr/lib/gcc/avr/14.2.0/../../../../avr/lib/avr5/crtatmega328p.o
LOAD i2c.o
LOAD lcd_i2c.o
LOAD main.o
LOAD rtc.o
START GROUP
LOAD /usr/lib/gcc/avr/14.2.0/avr5/libgcc.a
LOAD /usr/lib/gcc/avr/14.2.0/../../../../avr/lib/avr5/libm.a
LOAD /usr/lib/gcc/avr/14.2.0/../../../../avr/lib/avr5/libc.a
LOAD /usr/lib/gcc/avr/14.2.0/../../../../avr/lib/avr5/libatmega328p.a
END GROUP
                0x00000000                        __TEXT_REGION_ORIGIN__ = DEFINED (__TEXT_REGION_ORIGIN__)?__TEXT_REGION_ORIGIN__:0x0
                [0x00008000]                      __TEXT_REGION_LENGTH__ = DEFINED (__TEXT_REGION_LENGTH__)?__TEXT_REGION_LENGTH__:0x20000
                [0x00800100]                      __DATA_REGION_ORIGIN__ = DEFINED (__DATA_REGION_ORIGIN__)?__DATA_REGION_ORIGIN__:0x800060
                [0x00000800]                      __DATA_REGION_LENGTH__ = DEFINED (__DATA_REGION_LENGTH__)?__DATA_REGION_LENGTH__:0xffa0
                [0x00000400]                      __EEPROM_REGION_LENGTH__ = DEFINED (__EEPROM_REGION_LENGTH__)?__EEPROM_REGION_LENGTH__:0x10000
                [0x00000003]                      __FUSE_REGION_LENGTH__ = DEFINED (__FUSE_REGION_LENGTH__)?__FUSE_REGION_LENGTH__:0x400
                0x00000400                        __LOCK_REGION_LENGTH__ = DEFINED (__LOCK_REGION_LENGTH__)?__LOCK_REGION_LENGTH__:0x400
                0x00000400                        __SIGNATURE_REGION_LENGTH__ = DEFINED (__SIGNATURE_REGION_LENGTH__)?__SIGNATURE_REGION_LENGTH__:0x400
                0x00000400                        __USER_SIGNATURE_REGION_LENGTH__ = DEFINED (__USER_SIGNATURE_REGION_LENGTH__)?__USER_SIGNATURE_REGION_LENGTH__:0x400

.hash
 *(.hash)

.dynsym
 *(.dynsym)

.dynstr
 *(.dynstr)

.gnu.version
 *(.gnu.version)

.gnu.version_d
 *(.gnu.version_d)

.gnu.version_r
 *(.gnu.version_r)

.rel.init
 *(.rel.init)

.rela.init
 *(.rela.init)

.rel.text
 *(.rel.text)
 *(.rel.text.*)
 *(.rel.gnu.linkonce.t*)

.rela.text
 *(.rela.text)
 *(.rela.text.*)
 *(.rela.gnu.linkonce.t*)

.rel.fini
 *(.rel.fini)

.rela.fini
 *(.rela.fini)

.rel.rodata
 *(.rel.rodata)
 *(.rel.rodata.*)
 *(.rel.gnu.linkonce.r*)

.rela.rodata
 *(.rela.rodata)
 *(.rela.rodata.*)
 *(.rela.gnu.linkonce.r*)

.rel.data
 *(.rel.data)
 *(.rel.data.*)
 *(.rel.gnu.linkonce.d*)

.rela.data
 *(.rela.data)
 *(.rela.data.*)
 *(.rela.gnu.linkonce.d*)

.rel.ctors
 *(.rel.ctors)

.rela.ctors
 *(.rela.ctors)

.rel.dtors
 *(.rel.dtors)

.rela.dtors
 *(.rela.dtors)

.rel.got
 *(.rel.got)

.rela.got
 *(.rela.got)

.rel.bss
 *(.rel.bss)

.rela.bss
 *(.rela.bss)

.rel.plt
 *(.rel.plt)

.rela.plt
 *(.rela.plt)

.text           0x00000000      0xb4e
 *(.vectors)
 .vectors       0x00000000       0x68 /usr/lib/gcc/avr/14.2.0/../../../../avr/lib/avr5/crtatmega328p.o
                0x00000000                __vectors
                0x00000000                __vector_default
 *(.vectors)
 *(.progmem.gcc*)
                0x00000068                        . = ALIGN (0x2)
                0x00000068                        __trampolines_start = .
 *(.trampolines)
 .trampolines   0x00000068        0x0 linker stubs
 *(.trampolines*)
                0x00000068                        __trampolines_end = .
 *libprintf_flt.a:*(.progmem.data)
 *libc.a:*(.progmem.data)
 *(.progmem.*)
                0x00000068                        . = ALIGN (0x2)
 *(.lowtext)
 *(.lowtext*)
                0x00000068                        __ctors_start = .
 *(.ctors)
                0x00000068                        __ctors_end = .
                0x00000068                        __dtors_start = .
 *(.dtors)
                0x00000068                        __dtors_end = .
 SORT_BY_NAME(*)(.ctors)
 SORT_BY_NAME(*)(.dtors)
 *(.init0)
 .init0         0x00000068        0x0 /usr/lib/gcc/avr/14.2.0/../../../../avr/lib/avr5/crtatmega328p.o
                0x00000068                __init
 *(.init0)
 *(.init1)
 *(.init1)
 *(.init2)
 .init2         0x00000068        0xc /usr/lib/gcc/avr/14.2.0/../../../../avr/lib/avr5/crtatmega328p.o
 *(.init2)
 *(.init3)
 *(.init3)
 *(.init4)
 .init4         0x00000074       0x16 /usr/lib/gcc/avr/14.2.0/avr5/libgcc.a(_copy_data.o)
                0x00000074                __do_copy_data
 *(.init4)
 *(.init5)
 *(.init5)
 *(.init6)
 *(.init6)
 *(.init7)
 *(.init7)
 *(.init8)
 *(.init8)
 *(.init9)
 .init9         0x0000008a        0x8 /usr/lib/gcc/avr/14.2.0/../../../../avr/lib/avr5/crtatmega328p.o
 *(.init9)
 *(.text)
 .text          0x00000092        0x4 /usr/lib/gcc/avr/14.2.0/../../../../avr/lib/avr5/crtatmega328p.o
                0x00000092                __vector_22
                0x00000092                __vector_1
                0x00000092                __vector_24
                0x00000092                __vector_12
                0x00000092                __bad_interrupt
                0x00000092                __vector_6
                0x00000092                __vector_3
                0x00000092                __vector_23
                0x00000092                __vector_25
                0x00000092                __vector_11
                0x00000092                __vector_13
                0x00000092                __vector_17
                0x00000092                __vector_19
                0x00000092                __vector_7
                0x00000092                __vector_5
                0x00000092                __vector_4
                0x00000092                __vector_9
                0x00000092                __vector_2
                0x00000092                __vector_21
                0x00000092                __vector_15
                0x00000092                __vector_8
                0x00000092                __vector_14
                0x00000092                __vector_10
                0x00000092                __vector_16
                0x00000092                __vector_18
                0x00000092                __vector_20
                0x00000096                        . = ALIGN (0x2)
 *(.text.*)
 .text.init_i2c
                0x00000096       0x12 i2c.o
                0x00000096                init_i2c
 .text.start    0x000000a8       0x10 i2c.o
                0x000000a8                start
 .text.stop     0x000000b8       0x14 i2c.o
                0x000000b8                stop
 .text.write_i2c
                0x000000cc       0x14 i2c.o
                0x000000cc                write_i2c
 .text.i2c_read_ack
                0x000000e0       0x14 i2c.o
                0x000000e0                i2c_read_ack
 .text.i2c_read_nack
                0x000000f4       0x14 i2c.o
                0x000000f4                i2c_read_nack
 .text.lcd_i2c_reset
                0x00000108       0x86 lcd_i2c.o
                0x00000108                lcd_i2c_reset
 .text.lcd_i2c_cmd
                0x0000018e       0x58 lcd_i2c.o
                0x0000018e                lcd_i2c_cmd
 .text.lcd_i2c_init
                0x000001e6       0x20 lcd_i2c.o
                0x000001e6                lcd_i2c_init
 .text.lcd_i2c_data
                0x00000206       0x5a lcd_i2c.o
                0x00000206                lcd_i2c_data
 .text.lcd_i2c_col_row
                0x00000260       0x12 lcd_i2c.o
                0x00000260                lcd_i2c_col_row
 .text.lcd_i2c_clr
                0x00000272       0x14 lcd_i2c.o
                0x00000272                lcd_i2c_clr
 .text.lcd_i2c_write_string
                0x00000286       0x18 lcd_i2c.o
                0x00000286                lcd_i2c_write_string
 .text.lcd_i2c_printf
                0x0000029e       0x48 lcd_i2c.o
                0x0000029e                lcd_i2c_printf
 .text.startup.main
                0x000002e6       0xc0 main.o
                0x000002e6                main
 .text.rtc_init
                0x000003a6        0x4 rtc.o
                0x000003a6                rtc_init
 .text.rtc_set_time
                0x000003aa       0x62 rtc.o
                0x000003aa                rtc_set_time
 .text.rtc_set_date
                0x0000040c       0x6a rtc.o
                0x0000040c                rtc_set_date
 .text.rtc_get_time
                0x00000476       0x74 rtc.o
                0x00000476                rtc_get_time
 .text.rtc_get_date
                0x000004ea       0x7c rtc.o
                0x000004ea                rtc_get_date
 .text.libgcc.div
                0x00000566       0x18 /usr/lib/gcc/avr/14.2.0/avr5/libgcc.a(_udivmodqi4.o)
                0x00000566                __udivmodqi4
 .text.avr-libc
                0x0000057e       0x60 /usr/lib/gcc/avr/14.2.0/../../../../avr/lib/avr5/libc.a(vsnprintf.o)
                0x0000057e                vsnprintf
 .text.avr-libc
                0x000005de      0x3b6 /usr/lib/gcc/avr/14.2.0/../../../../avr/lib/avr5/libc.a(vfprintf_std.o)
                0x000005de                vfprintf
 .text.avr-libc
                0x00000994       0x16 /usr/lib/gcc/avr/14.2.0/../../../../avr/lib/avr5/libc.a(strnlen_P.o)
                0x00000994                strnlen_P
 .text.avr-libc
                0x000009aa       0x16 /usr/lib/gcc/avr/14.2.0/../../../../avr/lib/avr5/libc.a(strnlen.o)
                0x000009aa                strnlen
 .text.avr-libc
                0x000009c0       0x60 /usr/lib/gcc/avr/14.2.0/../../../../avr/lib/avr5/libc.a(fputc.o)
                0x000009c0                fputc
 .text.avr-libc
                0x00000a20       0xbc /usr/lib/gcc/avr/14.2.0/../../../../avr/lib/avr5/libc.a(ultoa_invert.o)
                0x00000a20                __ultoa_invert
 .text.libgcc.prologue
                0x00000adc       0x38 /usr/lib/gcc/avr/14.2.0/avr5/libgcc.a(_prologue.o)
                0x00000adc                __prologue_saves__
 .text.libgcc.prologue
                0x00000b14       0x36 /usr/lib/gcc/avr/14.2.0/avr5/libgcc.a(_epilogue.o)
                0x00000b14                __epilogue_restores__
                0x00000b4a                        . = ALIGN (0x2)
 *(.fini9)
 .fini9         0x00000b4a        0x0 /usr/lib/gcc/avr/14.2.0/avr5/libgcc.a(_exit.o)
                0x00000b4a                exit
                0x00000b4a                _exit
 *(.fini9)
 *(.fini8)
 *(.fini8)
 *(.fini7)
 *(.fini7)
 *(.fini6)
 *(.fini6)
 *(.fini5)
 *(.fini5)
 *(.fini4)
 *(.fini4)
 *(.fini3)
 *(.fini3)
 *(.fini2)
 *(.fini2)
 *(.fini1)
 *(.fini1)
 *(.fini0)
 .fini0         0x00000b4a        0x4 /usr/lib/gcc/avr/14.2.0/avr5/libgcc.a(_exit.o)
 *(.fini0)
 *(.hightext)
 *(.hightext*)
 *(.progmemx.*)
                0x00000b4e                        . = ALIGN (0x2)
 *(.jumptables)
 *(.jumptables*)
                0x00000b4e                        _etext = .

.data           0x00800100       0x32 load address 0x00000b4e
                0x00800100                        PROVIDE (__data_start = .)
 *(.data)
 *(.data*)
 .data.Columna_1
                0x00800100        0x2 lcd_i2c.o
                0x00800100                Columna_1
 *(.gnu.linkonce.d*)
 *(.rodata)
 *(.rodata*)
 .rodata.main.str1.1
                0x00800102       0x2f main.o
 *(.gnu.linkonce.r*)
                0x00800132                        . = ALIGN (0x2)
 *fill*         0x00800131        0x1 
                0x00800132                        _edata = .
                0x00800132                        PROVIDE (__data_end = .)

.bss            0x00800132        0x0
                [!provide]                        PROVIDE (__bss_start = .)
 *(.bss)
 *(.bss*)
 *(COMMON)
                [!provide]                        PROVIDE (__bss_end = .)
                0x00000b4e                        __data_load_start = LOADADDR (.data)
                0x00000b80                        __data_load_end = (__data_load_start + SIZEOF (.data))

.noinit         0x00800132        0x0
                [!provide]                        PROVIDE (__noinit_start = .)
 *(.noinit .noinit.* .gnu.linkonce.n.*)
                [!provide]                        PROVIDE (__noinit_end = .)
                0x00800132                        _end = .
                [!provide]                        PROVIDE (__heap_start = .)
                0x00000000                        __flmap_init_label = DEFINED (__flmap_noinit_start)?__flmap_noinit_start:0x0
                0x00000000                        __flmap = DEFINED (__flmap)?__flmap:0x0

.eeprom         0x00810000        0x0
 *(.eeprom*)
                0x00810000                        __eeprom_end = .

.fuse
 *(.fuse)
 *(.lfuse)
 *(.hfuse)
 *(.efuse)

.lock
 *(.lock*)

.signature
 *(.signature*)

.stab
 *(.stab)

.stabstr
 *(.stabstr)

.stab.excl
 *(.stab.excl)

.stab.exclstr
 *(.stab.exclstr)

.stab.index
 *(.stab.index)

.stab.indexstr
 *(.stab.indexstr)

.comment        0x00000000       0x46
 *(.comment)
 .comment       0x00000000       0x46 i2c.o
                                 0x24 (size before relaxing)
 .comment       0x00000046       0x24 lcd_i2c.o
 .comment       0x00000046       0x24 main.o
 .comment       0x00000046       0x24 rtc.o
 .comment       0x00000046       0x24 /usr/lib/gcc/avr/14.2.0/../../../../avr/lib/avr5/libc.a(vsnprintf.o)
 .comment       0x00000046       0x24 /usr/lib/gcc/avr/14.2.0/../../../../avr/lib/avr5/libc.a(vfprintf_std.o)
 .comment       0x00000046       0x24 /usr/lib/gcc/avr/14.2.0/../../../../avr/lib/avr5/libc.a(fputc.o)

.note.gnu.avr.deviceinfo
                0x00000000       0x40
 .note.gnu.avr.deviceinfo
                0x00000000       0x40 /usr/lib/gcc/avr/14.2.0/../../../../avr/lib/avr5/crtatmega328p.o

.gnu.build.attributes
 *(.gnu.build.attributes .gnu.build.attributes.*)

.note.gnu.build-id
 *(.note.gnu.build-id)

.debug
 *(.debug)

.line
 *(.line)

.debug_srcinfo
 *(.debug_srcinfo)

.debug_sfnames
 *(.debug_sfnames)

.debug_aranges  0x00000000      0x1b0
 *(.debug_aranges)
 .debug_aranges
                0x00000000       0x50 i2c.o
 .debug_aranges
                0x00000050       0x60 lcd_i2c.o
 .debug_aranges
                0x000000b0       0x20 main.o
 .debug_aranges
                0x000000d0       0x40 rtc.o
 .debug_aranges
                0x00000110       0x20 /usr/lib/gcc/avr/14.2.0/avr5/libgcc.a(_udivmodqi4.o)
 .debug_aranges
                0x00000130       0x20 /usr/lib/gcc/avr/14.2.0/avr5/libgcc.a(_exit.o)
 .debug_aranges
                0x00000150       0x20 /usr/lib/gcc/avr/14.2.0/avr5/libgcc.a(_copy_data.o)
 .debug_aranges
                0x00000170       0x20 /usr/lib/gcc/avr/14.2.0/avr5/libgcc.a(_prologue.o)
 .debug_aranges
                0x00000190       0x20 /usr/lib/gcc/avr/14.2.0/avr5/libgcc.a(_epilogue.o)

.debug_pubnames
 *(.debug_pubnames)

.debug_info     0x00000000     0x19f7
 *(.debug_info .gnu.linkonce.wi.*)
 .debug_info    0x00000000      0x5f4 /usr/lib/gcc/avr/14.2.0/../../../../avr/lib/avr5/crtatmega328p.o
 .debug_info    0x000005f4      0x1b6 i2c.o
 .debug_info    0x000007aa      0x87b lcd_i2c.o
 .debug_info    0x00001025      0x26f main.o
 .debug_info    0x00001294      0x6af rtc.o
 .debug_info    0x00001943       0x24 /usr/lib/gcc/avr/14.2.0/avr5/libgcc.a(_udivmodqi4.o)
 .debug_info    0x00001967       0x24 /usr/lib/gcc/avr/14.2.0/avr5/libgcc.a(_exit.o)
 .debug_info    0x0000198b       0x24 /usr/lib/gcc/avr/14.2.0/avr5/libgcc.a(_copy_data.o)
 .debug_info    0x000019af       0x24 /usr/lib/gcc/avr/14.2.0/avr5/libgcc.a(_prologue.o)
 .debug_info    0x000019d3       0x24 /usr/lib/gcc/avr/14.2.0/avr5/libgcc.a(_epilogue.o)

.debug_abbrev   0x00000000      0xd07
 *(.debug_abbrev)
 .debug_abbrev  0x00000000      0x5a2 /usr/lib/gcc/avr/14.2.0/../../../../avr/lib/avr5/crtatmega328p.o
 .debug_abbrev  0x000005a2      0x161 i2c.o
 .debug_abbrev  0x00000703      0x23e lcd_i2c.o
 .debug_abbrev  0x00000941      0x194 main.o
 .debug_abbrev  0x00000ad5      0x1ce rtc.o
 .debug_abbrev  0x00000ca3       0x14 /usr/lib/gcc/avr/14.2.0/avr5/libgcc.a(_udivmodqi4.o)
 .debug_abbrev  0x00000cb7       0x14 /usr/lib/gcc/avr/14.2.0/avr5/libgcc.a(_exit.o)
 .debug_abbrev  0x00000ccb       0x14 /usr/lib/gcc/avr/14.2.0/avr5/libgcc.a(_copy_data.o)
 .debug_abbrev  0x00000cdf       0x14 /usr/lib/gcc/avr/14.2.0/avr5/libgcc.a(_prologue.o)
 .debug_abbrev  0x00000cf3       0x14 /usr/lib/gcc/avr/14.2.0/avr5/libgcc.a(_epilogue.o)

.debug_line     0x00000000     0x1352
 *(.debug_line .debug_line.* .debug_line_end)
 .debug_line    0x00000000       0x1d /usr/lib/gcc/avr/14.2.0/../../../../avr/lib/avr5/crtatmega328p.o
 .debug_line    0x0000001d      0x318 i2c.o
 .debug_line    0x00000335      0x749 lcd_i2c.o
 .debug_line    0x00000a7e      0x14a main.o
 .debug_line    0x00000bc8      0x451 rtc.o
 .debug_line    0x00001019       0x8d /usr/lib/gcc/avr/14.2.0/avr5/libgcc.a(_udivmodqi4.o)
 .debug_line    0x000010a6       0x51 /usr/lib/gcc/avr/14.2.0/avr5/libgcc.a(_exit.o)
 .debug_line    0x000010f7       0x87 /usr/lib/gcc/avr/14.2.0/avr5/libgcc.a(_copy_data.o)
 .debug_line    0x0000117e       0xed /usr/lib/gcc/avr/14.2.0/avr5/libgcc.a(_prologue.o)
 .debug_line    0x0000126b       0xe7 /usr/lib/gcc/avr/14.2.0/avr5/libgcc.a(_epilogue.o)

.debug_frame    0x00000000      0x2a4
 *(.debug_frame)
 .debug_frame   0x00000000       0x84 i2c.o
 .debug_frame   0x00000084      0x108 lcd_i2c.o
 .debug_frame   0x0000018c       0x64 main.o
 .debug_frame   0x000001f0       0xb4 rtc.o

.debug_str      0x00000000      0x58d
 *(.debug_str)
 .debug_str     0x00000000      0x208 /usr/lib/gcc/avr/14.2.0/../../../../avr/lib/avr5/crtatmega328p.o
 .debug_str     0x00000208      0x385 i2c.o
                                0x1ce (size before relaxing)
 .debug_str     0x0000058d      0x298 lcd_i2c.o
 .debug_str     0x0000058d      0x24d main.o
 .debug_str     0x0000058d      0x206 rtc.o
 .debug_str     0x0000058d       0x7e /usr/lib/gcc/avr/14.2.0/avr5/libgcc.a(_udivmodqi4.o)
 .debug_str     0x0000058d       0x7e /usr/lib/gcc/avr/14.2.0/avr5/libgcc.a(_exit.o)
 .debug_str     0x0000058d       0x7e /usr/lib/gcc/avr/14.2.0/avr5/libgcc.a(_copy_data.o)
 .debug_str     0x0000058d       0x7e /usr/lib/gcc/avr/14.2.0/avr5/libgcc.a(_prologue.o)
 .debug_str     0x0000058d       0x7e /usr/lib/gcc/avr/14.2.0/avr5/libgcc.a(_epilogue.o)

.debug_loc
 *(.debug_loc)

.debug_macinfo
 *(.debug_macinfo)

.debug_weaknames
 *(.debug_weaknames)

.debug_funcnames
 *(.debug_funcnames)

.debug_typenames
 *(.debug_typenames)

.debug_varnames
 *(.debug_varnames)

.debug_pubtypes
 *(.debug_pubtypes)

.debug_ranges
 *(.debug_ranges)

.debug_addr
 *(.debug_addr)

.debug_line_str
                0x00000000      0x125
 *(.debug_line_str)
 .debug_line_str
                0x00000000      0x125 i2c.o
                                 0x89 (size before relaxing)
 .debug_line_str
                0x00000125       0xcc lcd_i2c.o
 .debug_line_str
                0x00000125       0xa2 main.o
 .debug_line_str
                0x00000125       0x70 rtc.o
 .debug_line_str
                0x00000125       0x72 /usr/lib/gcc/avr/14.2.0/avr5/libgcc.a(_udivmodqi4.o)
 .debug_line_str
                0x00000125       0x72 /usr/lib/gcc/avr/14.2.0/avr5/libgcc.a(_exit.o)
 .debug_line_str
                0x00000125       0x72 /usr/lib/gcc/avr/14.2.0/avr5/libgcc.a(_copy_data.o)
 .debug_line_str
                0x00000125       0x72 /usr/lib/gcc/avr/14.2.0/avr5/libgcc.a(_prologue.o)
 .debug_line_str
                0x00000125       0x72 /usr/lib/gcc/avr/14.2.0/avr5/libgcc.a(_epilogue.o)

.debug_loclists
                0x00000000      0x791
 *(.debug_loclists)
 .debug_loclists
                0x00000000       0x5f i2c.o
 .debug_loclists
                0x0000005f      0x504 lcd_i2c.o
 .debug_loclists
                0x00000563      0x22e rtc.o

.debug_macro
 *(.debug_macro)

.debug_names
 *(.debug_names)

.debug_rnglists
                0x00000000       0xd4
 *(.debug_rnglists)
 .debug_rnglists
                0x00000000       0x37 i2c.o
 .debug_rnglists
                0x00000037       0x45 lcd_i2c.o
 .debug_rnglists
                0x0000007c       0x21 main.o
 .debug_rnglists
                0x0000009d       0x37 rtc.o

.debug_str_offsets
 *(.debug_str_offsets)

.debug_sup
 *(.debug_sup)
OUTPUT(proyecto_nuevo.elf elf32-avr)
LOAD linker stubs
